../Core/Src/main.c:94:5:main	8	static
../Core/Src/main.c:155:6:SystemClock_Config	88	static
../Core/Src/main.c:199:13:MX_ADC1_Init	56	static
../Core/Src/main.c:263:13:MX_LPUART1_UART_Init	8	static
../Core/Src/main.c:307:13:MX_TIM2_Init	40	static
../Core/Src/main.c:347:13:MX_DMA_Init	16	static
../Core/Src/main.c:365:13:MX_GPIO_Init	48	static
../Core/Src/main.c:401:6:calAVG	16	static
../Core/Src/main.c:409:6:scaleValue	8	static
../Core/Src/main.c:418:6:HIL	16	static
../Core/Src/main.c:435:6:Error_Handler	4	static,ignoring_inline_asm
